// Jest Snapshot v1, https://goo.gl/fbAQLP

exports[`OverlaidGameGrid matches with previous snapshot. 1`] = `
<div>
  <div
    class="css-ywlqmn-OverlaidGameGrid"
  >
    <div
      class="css-i5fm1e-OverlaidGameGrid"
    >
      <div
        class="css-fqtnk-OverlaidGameGrid"
      />
      <div
        class="css-fqtnk-OverlaidGameGrid"
      />
      <div
        class="css-fqtnk-OverlaidGameGrid"
      />
      <div
        class="css-fqtnk-OverlaidGameGrid"
      >
        <div>
          <img
            alt="mon image"
            class="css-10yqwrw-MonImg"
            src="https://raw.githubusercontent.com/PokeAPI/sprites/master/sprites/pokemon/other/official-artwork/132.png"
            style="transform: translateY(0px) scale(0) translateZ(0);"
            width="50"
          />
        </div>
      </div>
      <div
        class="css-fqtnk-OverlaidGameGrid"
      />
      <div
        class="css-fqtnk-OverlaidGameGrid"
      />
    </div>
    <div
      class="css-17somsz-OverlaidGameGrid"
    >
      <div
        class="css-1w13e65-OverlaidGameGrid"
      />
      <div
        class="css-1w13e65-OverlaidGameGrid"
      />
      <div
        class="css-1w13e65-OverlaidGameGrid"
      />
      <div
        class="css-1w13e65-OverlaidGameGrid"
      />
      <div
        class="css-1w13e65-OverlaidGameGrid"
      />
      <div
        class="css-1w13e65-OverlaidGameGrid"
      />
      <div
        class="css-1w13e65-OverlaidGameGrid"
      />
      <div
        class="css-1w13e65-OverlaidGameGrid"
      />
      <div
        class="css-1w13e65-OverlaidGameGrid"
      />
      <div
        class="css-1w13e65-OverlaidGameGrid"
      />
      <div
        class="css-1w13e65-OverlaidGameGrid"
      />
      <div
        class="css-1w13e65-OverlaidGameGrid"
      />
      <div
        class="css-1w13e65-OverlaidGameGrid"
      />
      <div
        class="css-1w13e65-OverlaidGameGrid"
      />
      <div
        class="css-1w13e65-OverlaidGameGrid"
      />
      <div
        class="css-1w13e65-OverlaidGameGrid"
      />
      <div
        class="css-1w13e65-OverlaidGameGrid"
      />
      <div
        class="css-1w13e65-OverlaidGameGrid"
      />
      <div
        class="css-1w13e65-OverlaidGameGrid"
      />
      <div
        class="css-1w13e65-OverlaidGameGrid"
      />
      <div
        class="css-1w13e65-OverlaidGameGrid"
      />
      <div
        class="css-1w13e65-OverlaidGameGrid"
      />
      <div
        class="css-1w13e65-OverlaidGameGrid"
      />
      <div
        class="css-1w13e65-OverlaidGameGrid"
      />
      <div
        class="css-1w13e65-OverlaidGameGrid"
      />
      <div
        class="css-1w13e65-OverlaidGameGrid"
      />
      <div
        class="css-1w13e65-OverlaidGameGrid"
      />
      <div
        class="css-1w13e65-OverlaidGameGrid"
      />
      <div
        class="css-1w13e65-OverlaidGameGrid"
      />
      <div
        class="css-1w13e65-OverlaidGameGrid"
      />
      <div
        class="css-1w13e65-OverlaidGameGrid"
      />
      <div
        class="css-1w13e65-OverlaidGameGrid"
      />
      <div
        class="css-1w13e65-OverlaidGameGrid"
      />
      <div
        class="css-1w13e65-OverlaidGameGrid"
      >
        <img
          alt="mon image"
          src="https://raw.githubusercontent.com/PokeAPI/sprites/master/sprites/pokemon/other/official-artwork/11.png"
          width="50"
        />
      </div>
      <div
        class="css-1w13e65-OverlaidGameGrid"
      />
      <div
        class="css-1w13e65-OverlaidGameGrid"
      />
      <div
        class="css-1w13e65-OverlaidGameGrid"
      />
      <div
        class="css-1w13e65-OverlaidGameGrid"
      />
      <div
        class="css-1w13e65-OverlaidGameGrid"
      />
      <div
        class="css-1w13e65-OverlaidGameGrid"
      >
        <img
          alt="mon image"
          src="https://raw.githubusercontent.com/PokeAPI/sprites/master/sprites/pokemon/other/official-artwork/10.png"
          width="50"
        />
      </div>
      <div
        class="css-1w13e65-OverlaidGameGrid"
      />
      <div
        class="css-1w13e65-OverlaidGameGrid"
      />
      <div
        class="css-1w13e65-OverlaidGameGrid"
      />
      <div
        class="css-1w13e65-OverlaidGameGrid"
      />
      <div
        class="css-1w13e65-OverlaidGameGrid"
      />
      <div
        class="css-1w13e65-OverlaidGameGrid"
      >
        <img
          alt="mon image"
          src="https://raw.githubusercontent.com/PokeAPI/sprites/master/sprites/pokemon/other/official-artwork/9.png"
          width="50"
        />
      </div>
      <div
        class="css-1w13e65-OverlaidGameGrid"
      />
      <div
        class="css-1w13e65-OverlaidGameGrid"
      />
      <div
        class="css-1w13e65-OverlaidGameGrid"
      />
      <div
        class="css-1w13e65-OverlaidGameGrid"
      />
      <div
        class="css-1w13e65-OverlaidGameGrid"
      />
      <div
        class="css-1w13e65-OverlaidGameGrid"
      >
        <img
          alt="mon image"
          src="https://raw.githubusercontent.com/PokeAPI/sprites/master/sprites/pokemon/other/official-artwork/7.png"
          width="50"
        />
      </div>
      <div
        class="css-1w13e65-OverlaidGameGrid"
      />
      <div
        class="css-1w13e65-OverlaidGameGrid"
      />
      <div
        class="css-1w13e65-OverlaidGameGrid"
      />
      <div
        class="css-1w13e65-OverlaidGameGrid"
      />
      <div
        class="css-1w13e65-OverlaidGameGrid"
      />
      <div
        class="css-1w13e65-OverlaidGameGrid"
      >
        <img
          alt="mon image"
          src="https://raw.githubusercontent.com/PokeAPI/sprites/master/sprites/pokemon/other/official-artwork/6.png"
          width="50"
        />
      </div>
      <div
        class="css-1w13e65-OverlaidGameGrid"
      />
      <div
        class="css-1w13e65-OverlaidGameGrid"
      />
      <div
        class="css-1w13e65-OverlaidGameGrid"
      >
        <img
          alt="mon image"
          src="https://raw.githubusercontent.com/PokeAPI/sprites/master/sprites/pokemon/other/official-artwork/2.png"
          width="50"
        />
      </div>
      <div
        class="css-1w13e65-OverlaidGameGrid"
      />
      <div
        class="css-1w13e65-OverlaidGameGrid"
      />
      <div
        class="css-1w13e65-OverlaidGameGrid"
      >
        <img
          alt="mon image"
          src="https://raw.githubusercontent.com/PokeAPI/sprites/master/sprites/pokemon/other/official-artwork/5.png"
          width="50"
        />
      </div>
      <div
        class="css-1w13e65-OverlaidGameGrid"
      />
      <div
        class="css-1w13e65-OverlaidGameGrid"
      />
      <div
        class="css-1w13e65-OverlaidGameGrid"
      >
        <img
          alt="mon image"
          src="https://raw.githubusercontent.com/PokeAPI/sprites/master/sprites/pokemon/other/official-artwork/1.png"
          width="50"
        />
      </div>
      <div
        class="css-1w13e65-OverlaidGameGrid"
      />
      <div
        class="css-1w13e65-OverlaidGameGrid"
      >
        <img
          alt="mon image"
          src="https://raw.githubusercontent.com/PokeAPI/sprites/master/sprites/pokemon/other/official-artwork/3.png"
          width="50"
        />
      </div>
      <div
        class="css-1w13e65-OverlaidGameGrid"
      >
        <img
          alt="mon image"
          src="https://raw.githubusercontent.com/PokeAPI/sprites/master/sprites/pokemon/other/official-artwork/4.png"
          width="50"
        />
      </div>
      <div
        class="css-1w13e65-OverlaidGameGrid"
      />
      <div
        class="css-1w13e65-OverlaidGameGrid"
      >
        <img
          alt="mon image"
          src="https://raw.githubusercontent.com/PokeAPI/sprites/master/sprites/pokemon/other/official-artwork/8.png"
          width="50"
        />
      </div>
    </div>
    <div
      class="css-1nk0c6d-GameGrid"
      data-testid="game-grid-container"
    >
      <div
        class="css-1mc37or-GameGrid"
      />
      <div
        class="css-1mc37or-GameGrid"
      />
      <div
        class="css-1mc37or-GameGrid"
      />
      <div
        class="css-1mc37or-GameGrid"
      />
      <div
        class="css-1mc37or-GameGrid"
      />
      <div
        class="css-1mc37or-GameGrid"
      />
      <div
        class="css-1mc37or-GameGrid"
      />
      <div
        class="css-1mc37or-GameGrid"
      />
      <div
        class="css-1mc37or-GameGrid"
      />
      <div
        class="css-1mc37or-GameGrid"
      />
      <div
        class="css-1mc37or-GameGrid"
      />
      <div
        class="css-1mc37or-GameGrid"
      />
      <div
        class="css-1mc37or-GameGrid"
      />
      <div
        class="css-1mc37or-GameGrid"
      />
      <div
        class="css-1mc37or-GameGrid"
      />
      <div
        class="css-1mc37or-GameGrid"
      />
      <div
        class="css-1mc37or-GameGrid"
      />
      <div
        class="css-1mc37or-GameGrid"
      />
      <div
        class="css-1mc37or-GameGrid"
      />
      <div
        class="css-1mc37or-GameGrid"
      />
      <div
        class="css-1mc37or-GameGrid"
      />
      <div
        class="css-1mc37or-GameGrid"
      />
      <div
        class="css-1mc37or-GameGrid"
      />
      <div
        class="css-1mc37or-GameGrid"
      />
      <div
        class="css-1mc37or-GameGrid"
      />
      <div
        class="css-1mc37or-GameGrid"
      />
      <div
        class="css-1mc37or-GameGrid"
      />
      <div
        class="css-1mc37or-GameGrid"
      />
      <div
        class="css-1mc37or-GameGrid"
      />
      <div
        class="css-1mc37or-GameGrid"
      />
      <div
        class="css-1mc37or-GameGrid"
      />
      <div
        class="css-1mc37or-GameGrid"
      />
      <div
        class="css-1mc37or-GameGrid"
      />
      <div
        class="css-1mc37or-GameGrid"
      />
      <div
        class="css-1mc37or-GameGrid"
      />
      <div
        class="css-1mc37or-GameGrid"
      />
      <div
        class="css-1mc37or-GameGrid"
      />
      <div
        class="css-1mc37or-GameGrid"
      />
      <div
        class="css-1mc37or-GameGrid"
      />
      <div
        class="css-1mc37or-GameGrid"
      />
      <div
        class="css-1mc37or-GameGrid"
      />
      <div
        class="css-1mc37or-GameGrid"
      />
      <div
        class="css-1mc37or-GameGrid"
      />
      <div
        class="css-1mc37or-GameGrid"
      />
      <div
        class="css-1mc37or-GameGrid"
      />
      <div
        class="css-1mc37or-GameGrid"
      />
      <div
        class="css-1mc37or-GameGrid"
      />
      <div
        class="css-1mc37or-GameGrid"
      />
      <div
        class="css-1mc37or-GameGrid"
      />
      <div
        class="css-1mc37or-GameGrid"
      />
      <div
        class="css-1mc37or-GameGrid"
      />
      <div
        class="css-1mc37or-GameGrid"
      />
      <div
        class="css-1mc37or-GameGrid"
      />
      <div
        class="css-1mc37or-GameGrid"
      />
      <div
        class="css-1mc37or-GameGrid"
      />
      <div
        class="css-1mc37or-GameGrid"
      />
      <div
        class="css-1mc37or-GameGrid"
      />
      <div
        class="css-1mc37or-GameGrid"
      />
      <div
        class="css-1mc37or-GameGrid"
      />
      <div
        class="css-1mc37or-GameGrid"
      />
      <div
        class="css-1mc37or-GameGrid"
      />
      <div
        class="css-1mc37or-GameGrid"
      />
      <div
        class="css-1mc37or-GameGrid"
      />
      <div
        class="css-1mc37or-GameGrid"
      />
      <div
        class="css-1mc37or-GameGrid"
      />
      <div
        class="css-1mc37or-GameGrid"
      />
      <div
        class="css-1mc37or-GameGrid"
      />
      <div
        class="css-1mc37or-GameGrid"
      />
      <div
        class="css-1mc37or-GameGrid"
      />
      <div
        class="css-1mc37or-GameGrid"
      />
      <div
        class="css-1mc37or-GameGrid"
      />
      <div
        class="css-1mc37or-GameGrid"
      />
    </div>
  </div>
</div>
`;
